pos\view\ProductCatalogView$GridLayoutInfo.class
pos\db\DBConnection.class
pos\db\ProductDAO$InventoryItemInfo.class
pos\model\StockReservation.class
pos\view\PaymentSectionView$PaymentValidationResult.class
pos\view\PaymentSectionView$TransactionData.class
pos\view\ReturnsManager$3.class
pos\db\PromotionDao$Promotion.class
pos\db\DBCredentials.class
pos\db\ReturnsDAO$ReturnDetails.class
pos\model\CartItem.class
pos\view\PaymentSectionView$1.class
pos\view\CartView$1.class
pos\view\CartView.class
pos\view\ReturnsManager$6.class
pos\view\POSView$4.class
pos\view\PaymentSectionView$PaymentCalculation.class
pos\view\ReturnsManager$2.class
pos\view\ReturnsManager$InvoiceLoadResult.class
pos\db\ReturnsDAO$ReturnTransactionResult.class
pos\db\SystemSettingsDAO.class
pos\db\ReturnsDAO$InvoiceData.class
pos\db\StockReservationDAO.class
pos\db\ReturnsDAO$InvoiceValidationResult.class
com\mycompany\pos_fx\App$Delta.class
pos\view\ReturnsManager$5.class
pos\db\ReturnsDAO$ReturnItemData.class
pos\view\POSView$3.class
pos\view\SupervisorAuthDialog$1.class
pos\db\ProductDAO.class
pos\view\ReturnsManager$ScanResult.class
pos\db\ProductDAO$ProductWithStatus.class
pos\view\POSView.class
pos\view\POSView$5.class
pos\view\SupervisorAuthDialog.class
pos\view\PaymentSectionView$2.class
pos\db\CashierDAO.class
pos\view\POSView$2.class
pos\view\SupervisorAuthDialog$SupervisorAuthResult.class
pos\db\ProductDAO$InventoryInfo.class
pos\model\SystemSettings.class
pos\view\ReceiptDialog.class
module-info.class
pos\view\ReturnsManager.class
pos\db\PosTransactionDAO.class
pos\db\ReturnsDAO.class
pos\view\PaymentSectionView.class
pos\view\ReturnsManager$1.class
pos\model\Product.class
pos\view\ReturnReceiptDialog.class
pos\view\LoginView.class
pos\db\ReturnsDAO$ReturnTransactionData.class
pos\view\POSView$1.class
com\mycompany\pos_fx\SystemInfo.class
pos\view\ReturnsManager$4.class
pos\view\LoginView$OnLoginSuccessListener.class
pos\model\ReturnItem.class
pos\view\PaymentSectionView$InventoryItemData.class
pos\view\ReturnsManager$ReturnsSummary.class
com\mycompany\pos_fx\App.class
pos\db\StockReservationDAO$StockAvailability.class
pos\view\CartView$2.class
pos\view\ProductCatalogView.class
pos\db\PromotionDao.class
