C:\Users\sanvi\Documents\NetBeansProjects\POS_FX\src\main\java\pos\model\SystemSettings.java
C:\Users\sanvi\Documents\NetBeansProjects\POS_FX\src\main\java\pos\db\ProductDAO.java
C:\Users\sanvi\Documents\NetBeansProjects\POS_FX\src\main\java\pos\view\ReturnsManager.java
C:\Users\sanvi\Documents\NetBeansProjects\POS_FX\src\main\java\pos\view\LoginView.java
C:\Users\sanvi\Documents\NetBeansProjects\POS_FX\src\main\java\com\mycompany\pos_fx\SystemInfo.java
C:\Users\sanvi\Documents\NetBeansProjects\POS_FX\src\main\java\pos\view\ProductCatalogView.java
C:\Users\sanvi\Documents\NetBeansProjects\POS_FX\src\main\java\pos\model\Product.java
C:\Users\sanvi\Documents\NetBeansProjects\POS_FX\src\main\java\pos\view\ReturnReceiptDialog.java
C:\Users\sanvi\Documents\NetBeansProjects\POS_FX\src\main\java\pos\db\DBConnection.java
C:\Users\sanvi\Documents\NetBeansProjects\POS_FX\src\main\java\pos\view\SupervisorAuthDialog.java
C:\Users\sanvi\Documents\NetBeansProjects\POS_FX\src\main\java\module-info.java
C:\Users\sanvi\Documents\NetBeansProjects\POS_FX\src\main\java\pos\model\StockReservation.java
C:\Users\sanvi\Documents\NetBeansProjects\POS_FX\src\main\java\pos\db\PosTransactionDAO.java
C:\Users\sanvi\Documents\NetBeansProjects\POS_FX\src\main\java\pos\view\CartView.java
C:\Users\sanvi\Documents\NetBeansProjects\POS_FX\src\main\java\pos\db\SystemSettingsDAO.java
C:\Users\sanvi\Documents\NetBeansProjects\POS_FX\src\main\java\pos\model\CartItem.java
C:\Users\sanvi\Documents\NetBeansProjects\POS_FX\src\main\java\pos\model\ReturnItem.java
C:\Users\sanvi\Documents\NetBeansProjects\POS_FX\src\main\java\pos\db\DBCredentials.java
C:\Users\sanvi\Documents\NetBeansProjects\POS_FX\src\main\java\pos\view\POSView.java
C:\Users\sanvi\Documents\NetBeansProjects\POS_FX\src\main\java\pos\view\ReceiptDialog.java
C:\Users\sanvi\Documents\NetBeansProjects\POS_FX\src\main\java\pos\db\StockReservationDAO.java
C:\Users\sanvi\Documents\NetBeansProjects\POS_FX\src\main\java\pos\db\ReturnsDAO.java
C:\Users\sanvi\Documents\NetBeansProjects\POS_FX\src\main\java\pos\db\CashierDAO.java
C:\Users\sanvi\Documents\NetBeansProjects\POS_FX\src\main\java\pos\db\PromotionDao.java
C:\Users\sanvi\Documents\NetBeansProjects\POS_FX\src\main\java\pos\view\PaymentSectionView.java
C:\Users\sanvi\Documents\NetBeansProjects\POS_FX\src\main\java\com\mycompany\pos_fx\App.java
